01:47:12 **** Incremental Build of configuration Release for project prototype ****
make all 
Building file: ../Src/main.c
Invoking: MCU GCC Compiler
/Users/willmitchell/Documents/stm32_workspace/prototype/Release
arm-none-eabi-gcc -mcpu=cortex-m4 -mthumb -mfloat-abi=hard -mfpu=fpv4-sp-d16 '-D__weak=__attribute__((weak))' '-D__packed="__attribute__((__packed__))"' -DUSE_HAL_DRIVER -DSTM32F303xC -I"/Users/willmitchell/Documents/stm32_workspace/prototype/Inc" -I"/Users/willmitchell/Documents/stm32_workspace/prototype/Drivers/STM32F3xx_HAL_Driver/Inc" -I"/Users/willmitchell/Documents/stm32_workspace/prototype/Drivers/STM32F3xx_HAL_Driver/Inc/Legacy" -I"/Users/willmitchell/Documents/stm32_workspace/prototype/Drivers/CMSIS/Device/ST/STM32F3xx/Include" -I"/Users/willmitchell/Documents/stm32_workspace/prototype/Drivers/CMSIS/Include" -I"/Users/willmitchell/Documents/stm32_workspace/prototype/Inc"  -O3 -g3 -Wall -fmessage-length=0 -ffunction-sections -fdata-sections -c -fmessage-length=0 -MMD -MP -MF"Src/main.d" -MT"Src/main.o" -o "Src/main.o" "../Src/main.c"
In file included from ../Src/main.c:45:0:
/Users/willmitchell/Documents/stm32_workspace/prototype/Inc/tables.h:2426:256: warning: excess elements in array initializer
 static const uint16_t *imp[33] = {imp1, imp1, imp2, imp3, imp4, imp5, imp6, imp7, imp8, imp9, imp10, imp11, imp12, imp13, imp14, imp15, imp16, imp17, imp18, imp19, imp20, imp21, imp22, imp23, imp24, imp25, imp26, imp27, imp28, imp29, imp30, imp31, imp32, imp33};
                                                                                                                                                                                                                                                                ^
/Users/willmitchell/Documents/stm32_workspace/prototype/Inc/tables.h:2426:256: note: (near initialization for 'imp')
In file included from ../Src/main.c:45:0:
/Users/willmitchell/Documents/stm32_workspace/prototype/Inc/tables.h:2368:24: warning: 'lump2ndDeg' defined but not used [-Wunused-variable]
 static const uint16_t *lump2ndDeg[5] = {lump2ndDeg1, lump2ndDeg2, lump2ndDeg3, lump2ndDeg4, lump2ndDeg5};
                        ^
/Users/willmitchell/Documents/stm32_workspace/prototype/Inc/tables.h:2370:24: warning: 'lump3rdDeg' defined but not used [-Wunused-variable]
 static const uint16_t *lump3rdDeg[5] = {lump3rdDeg1, lump3rdDeg2, lump3rdDeg3, lump3rdDeg4, lump3rdDeg5};
                        ^
/Users/willmitchell/Documents/stm32_workspace/prototype/Inc/tables.h:2372:24: warning: 'doubleLump2ndDeg' defined but not used [-Wunused-variable]
 static const uint16_t *doubleLump2ndDeg[5] = {doubleLump2nd1, doubleLump2nd2, doubleLump2nd3, doubleLump2nd4, doubleLump2nd5};
                        ^
/Users/willmitchell/Documents/stm32_workspace/prototype/Inc/tables.h:2374:24: warning: 'doubleLump3rdDeg' defined but not used [-Wunused-variable]
 static const uint16_t *doubleLump3rdDeg[5] = {doubleLump3rd1, doubleLump3rd2, doubleLump3rd3, doubleLump3rd4, doubleLump3rd5};
                        ^
/Users/willmitchell/Documents/stm32_workspace/prototype/Inc/tables.h:2376:24: warning: 'allLinear9_9' defined but not used [-Wunused-variable]
 static const uint16_t *allLinear9_9[9] = {linear9, linear9, linear9, linear9, linear9, linear9, linear9, linear9, linear9};
                        ^
/Users/willmitchell/Documents/stm32_workspace/prototype/Inc/tables.h:2378:24: warning: 'allLinear5_5' defined but not used [-Wunused-variable]
 static const uint16_t *allLinear5_5[5] = {linear5, linear5, linear5, linear5, linear5};
                        ^
/Users/willmitchell/Documents/stm32_workspace/prototype/Inc/tables.h:2380:24: warning: 'allLinear65_3' defined but not used [-Wunused-variable]
 static const uint16_t *allLinear65_3[3] = {linear, linear, linear};
                        ^
/Users/willmitchell/Documents/stm32_workspace/prototype/Inc/tables.h:2382:24: warning: 'allLinear65_5' defined but not used [-Wunused-variable]
 static const uint16_t *allLinear65_5[5] = {linear, linear, linear, linear, linear};
                        ^
/Users/willmitchell/Documents/stm32_workspace/prototype/Inc/tables.h:2384:24: warning: 'allLinear65_9' defined but not used [-Wunused-variable]
 static const uint16_t *allLinear65_9[9] = {linear, linear, linear, linear, linear, linear, linear, linear, linear};
                        ^
/Users/willmitchell/Documents/stm32_workspace/prototype/Inc/tables.h:2386:24: warning: 'allLinear129_3' defined but not used [-Wunused-variable]
 static const uint16_t *allLinear129_3[3] = {linear129, linear129, linear129};
                        ^
/Users/willmitchell/Documents/stm32_workspace/prototype/Inc/tables.h:2388:24: warning: 'allLinear129_5' defined but not used [-Wunused-variable]
 static const uint16_t *allLinear129_5[5] = {linear129, linear129, linear129, linear129, linear129};
                        ^
/Users/willmitchell/Documents/stm32_workspace/prototype/Inc/tables.h:2390:24: warning: 'allLinear129_9' defined but not used [-Wunused-variable]
 static const uint16_t *allLinear129_9[9] = {linear129, linear129, linear129, linear129, linear129, linear129, linear129, linear129, linear129};
                        ^
In file included from ../Src/main.c:45:0:
/Users/willmitchell/Documents/stm32_workspace/prototype/Inc/tables.h:2392:24: warning: 'fbank_24' defined but not used [-Wunused-variable]
 static const uint16_t *fbank_24[9] = {fbank1_24, fbank2_24, fbank3_24, fbank4_24, fbank5_24, fbank6_24, fbank7_24, fbank8_24, fbank9_24};
                        ^
/Users/willmitchell/Documents/stm32_workspace/prototype/Inc/tables.h:2393:24: warning: 'fbank_48' defined but not used [-Wunused-variable]
 static const uint16_t *fbank_48[9] = {fbank1_48, fbank2_48, fbank3_48, fbank4_48, fbank5_48, fbank6_48, fbank7_48, fbank8_48, fbank9_48};
                        ^
/Users/willmitchell/Documents/stm32_workspace/prototype/Inc/tables.h:2399:24: warning: 'skipsaw' defined but not used [-Wunused-variable]
 static const uint16_t *skipsaw[5] = {linear, skipsaw2, skipsaw3, skipsaw4, skipsaw5};
                        ^
/Users/willmitchell/Documents/stm32_workspace/prototype/Inc/tables.h:2400:24: warning: 'hopsaw' defined but not used [-Wunused-variable]
 static const uint16_t *hopsaw[5] = {linear, hopsaw2, hopsaw3, hopsaw4, hopsaw5};
                        ^
/Users/willmitchell/Documents/stm32_workspace/prototype/Inc/tables.h:2402:24: warning: 'assorted' defined but not used [-Wunused-variable]
 static const uint16_t *assorted[5] = {sharkfin, bushy, nested_threes, anduh, flipsaw2}; 
                        ^
/Users/willmitchell/Documents/stm32_workspace/prototype/Inc/tables.h:2410:24: warning: 'tenor48AttackFamily' defined but not used [-Wunused-variable]
 static const uint16_t *tenor48AttackFamily[5] = {tenora48Atk,tenore48Atk,tenori48Atk,tenoro48Atk,tenoru48Atk};
                        ^
/Users/willmitchell/Documents/stm32_workspace/prototype/Inc/tables.h:2411:24: warning: 'tenor48ReleaseFamily' defined but not used [-Wunused-variable]
 static const uint16_t *tenor48ReleaseFamily[5] = {tenora48Rls,tenore48Rls,tenori48Rls,tenoro48Rls,tenoru48Rls};
                        ^
/Users/willmitchell/Documents/stm32_workspace/prototype/Inc/tables.h:2419:24: warning: 'soprano48AttackFamily' defined but not used [-Wunused-variable]
 static const uint16_t *soprano48AttackFamily[5] = {sopranoa48Atk,sopranoe48Atk,sopranoi48Atk,sopranoo48Atk,sopranou48Atk};
                        ^
/Users/willmitchell/Documents/stm32_workspace/prototype/Inc/tables.h:2420:24: warning: 'soprano48ReleaseFamily' defined but not used [-Wunused-variable]
 static const uint16_t *soprano48ReleaseFamily[5] = {sopranoa48Rls,sopranoe48Rls,sopranoi48Rls,sopranoo48Rls,sopranou48Rls};
                        ^
/Users/willmitchell/Documents/stm32_workspace/prototype/Inc/tables.h:2422:24: warning: 'artificial_1_48AttackFamily' defined but not used [-Wunused-variable]
 static const uint16_t *artificial_1_48AttackFamily[5] = {artificial148Atk,artificial248Atk,artificial348Atk,artificial448Atk,artificial548Atk};
                        ^
/Users/willmitchell/Documents/stm32_workspace/prototype/Inc/tables.h:2423:24: warning: 'artificial_1_48ReleaseFamily' defined but not used [-Wunused-variable]
 static const uint16_t *artificial_1_48ReleaseFamily[5] = {artificial148Rls,artificial248Rls,artificial348Rls,artificial448Rls,artificial548Rls};
                        ^
/Users/willmitchell/Documents/stm32_workspace/prototype/Inc/tables.h:2426:24: warning: 'imp' defined but not used [-Wunused-variable]
 static const uint16_t *imp[33] = {imp1, imp1, imp2, imp3, imp4, imp5, imp6, imp7, imp8, imp9, imp10, imp11, imp12, imp13, imp14, imp15, imp16, imp17, imp18, imp19, imp20, imp21, imp22, imp23, imp24, imp25, imp26, imp27, imp28, imp29, imp30, imp31, imp32, imp33};
                        ^
In file included from ../Src/main.c:45:0:
/Users/willmitchell/Documents/stm32_workspace/prototype/Inc/tables.h:2427:24: warning: 'impshort' defined but not used [-Wunused-variable]
 static const uint16_t *impshort[17] = {imp1, imp2, imp3, imp4, imp6, imp8, imp10, imp12, imp14, imp16, imp18, imp20, imp22, imp24, imp26, imp28, imp33};
                        ^
/Users/willmitchell/Documents/stm32_workspace/prototype/Inc/tables.h:2429:24: warning: 'sinefoldAttackFamily' defined but not used [-Wunused-variable]
 static const uint16_t *sinefoldAttackFamily[9] = { sine, sinefold_ctr_1,
                        ^
/Users/willmitchell/Documents/stm32_workspace/prototype/Inc/tables.h:2432:24: warning: 'sinefoldReleaseFamily' defined but not used [-Wunused-variable]
 static const uint16_t *sinefoldReleaseFamily[9] = { sine, sinefold_ctr_1,
                        ^
/Users/willmitchell/Documents/stm32_workspace/prototype/Inc/tables.h:2436:24: warning: 'threeSineFolds' defined but not used [-Wunused-variable]
 static const uint16_t *threeSineFolds[3] = {  sine, sinefold_ctr_1, sinefold_ctr_2};
                        ^
/Users/willmitchell/Documents/stm32_workspace/prototype/Inc/tables.h:2438:24: warning: 'perlinAttackFamily' defined but not used [-Wunused-variable]
 static const uint16_t *perlinAttackFamily[9] = {sine, perlin6_2, perlin6_3, perlin6_4, perlin6_5, perlin6_6, perlin6_7, perlin6_8, perlin6_8};
                        ^
/Users/willmitchell/Documents/stm32_workspace/prototype/Inc/tables.h:2439:24: warning: 'perlinReleaseFamily' defined but not used [-Wunused-variable]
 static const uint16_t *perlinReleaseFamily[9] = {sine, perlin6_2, perlin6_3, perlin6_4, perlin6_5, perlin6_6, perlin6_7, perlin6_8, perlin6_8};
                        ^
/Users/willmitchell/Documents/stm32_workspace/prototype/Inc/tables.h:2441:24: warning: 'bounceAttackFamily' defined but not used [-Wunused-variable]
 static const uint16_t *bounceAttackFamily[9] = { bounce1, bounce2, bounce3,
                        ^
/Users/willmitchell/Documents/stm32_workspace/prototype/Inc/tables.h:2443:24: warning: 'bounceReleaseFamily' defined but not used [-Wunused-variable]
 static const uint16_t *bounceReleaseFamily[9] = { bounce1, bounce2, bounce3,
                        ^
/Users/willmitchell/Documents/stm32_workspace/prototype/Inc/tables.h:2446:24: warning: 'threeBounce' defined but not used [-Wunused-variable]
 static const uint16_t *threeBounce[3] = { bounce1, bounce2, bounce3};
                        ^
/Users/willmitchell/Documents/stm32_workspace/prototype/Inc/tables.h:2449:24: warning: 'trifoldAttackFamily' defined but not used [-Wunused-variable]
 static const uint16_t *trifoldAttackFamily[9] = { trifold_1, trifold_2, trifold_3,
                        ^
/Users/willmitchell/Documents/stm32_workspace/prototype/Inc/tables.h:2451:24: warning: 'trifoldReleaseFamily' defined but not used [-Wunused-variable]
 static const uint16_t *trifoldReleaseFamily[9] = { trifold_1, trifold_2, trifold_3,
                        ^
/Users/willmitchell/Documents/stm32_workspace/prototype/Inc/tables.h:2454:24: warning: 'trioddAttackFamily' defined but not used [-Wunused-variable]
 static const uint16_t *trioddAttackFamily[9] = { triodd_1, triodd_2, triodd_3,
                        ^
/Users/willmitchell/Documents/stm32_workspace/prototype/Inc/tables.h:2456:24: warning: 'trioddReleaseFamily' defined but not used [-Wunused-variable]
 static const uint16_t *trioddReleaseFamily[9] = { triodd_1, triodd_2, triodd_3,
                        ^
/Users/willmitchell/Documents/stm32_workspace/prototype/Inc/tables.h:2459:24: warning: 'trifudgeAttackFamily' defined but not used [-Wunused-variable]
 static const uint16_t *trifudgeAttackFamily[9] = { trifudge_1, trifudge_2,
                        ^
/Users/willmitchell/Documents/stm32_workspace/prototype/Inc/tables.h:2462:24: warning: 'trifudgeReleaseFamily' defined but not used [-Wunused-variable]
 static const uint16_t *trifudgeReleaseFamily[9] = { trifudge_1, trifudge_2,
                        ^
/Users/willmitchell/Documents/stm32_workspace/prototype/Inc/tables.h:2466:24: warning: 'moog1AttackFamily' defined but not used [-Wunused-variable]
 static const uint16_t *moog1AttackFamily[9] = { moog1attack, moog2attack,
                        ^
/Users/willmitchell/Documents/stm32_workspace/prototype/Inc/tables.h:2469:24: warning: 'moog1ReleaseFamily' defined but not used [-Wunused-variable]
 static const uint16_t *moog1ReleaseFamily[9] = { moog1release, moog2release,
                        ^
/Users/willmitchell/Documents/stm32_workspace/prototype/Inc/tables.h:2473:24: warning: 'moog2AttackFamily' defined but not used [-Wunused-variable]
 static const uint16_t *moog2AttackFamily[9] = { moog1attack2, moog2attack2,
                        ^
/Users/willmitchell/Documents/stm32_workspace/prototype/Inc/tables.h:2476:24: warning: 'moog2ReleaseFamily' defined but not used [-Wunused-variable]
 static const uint16_t *moog2ReleaseFamily[9] = { moog1release2, moog2release2,
                        ^
/Users/willmitchell/Documents/stm32_workspace/prototype/Inc/tables.h:2480:24: warning: 'sawBendAttackFamily' defined but not used [-Wunused-variable]
 static const uint16_t *sawBendAttackFamily[5] = { fivept_sawbend_pre,
                        ^
/Users/willmitchell/Documents/stm32_workspace/prototype/Inc/tables.h:2483:24: warning: 'sawBendReleaseFamily' defined but not used [-Wunused-variable]
 static const uint16_t *sawBendReleaseFamily[5] = { fivept_sawbend_pre,
                        ^
/Users/willmitchell/Documents/stm32_workspace/prototype/Inc/tables.h:2487:24: warning: 'exciteBikeAttackFamily' defined but not used [-Wunused-variable]
 static const uint16_t *exciteBikeAttackFamily[9] = { excitebike1, excitebike2,
                        ^
/Users/willmitchell/Documents/stm32_workspace/prototype/Inc/tables.h:2490:24: warning: 'exciteBikeReleaseFamily' defined but not used [-Wunused-variable]
 static const uint16_t *exciteBikeReleaseFamily[9] = { excitebike1, excitebike2,
                        ^
/Users/willmitchell/Documents/stm32_workspace/prototype/Inc/tables.h:2494:24: warning: 'randAttackFamily' defined but not used [-Wunused-variable]
 static const uint16_t *randAttackFamily[33] = { rand0, rand1, rand2, rand3, rand4,
                        ^
/Users/willmitchell/Documents/stm32_workspace/prototype/Inc/tables.h:2499:24: warning: 'randReleaseFamily' defined but not used [-Wunused-variable]
 static const uint16_t *randReleaseFamily[33] = { rand0, rand1, rand2, rand3, rand4,
                        ^
/Users/willmitchell/Documents/stm32_workspace/prototype/Inc/tables.h:2505:24: warning: 'gaussAttackFamily' defined but not used [-Wunused-variable]
 static const uint16_t *gaussAttackFamily[33] = { gauss0, gauss1, gauss2, gauss3,
                        ^
/Users/willmitchell/Documents/stm32_workspace/prototype/Inc/tables.h:2510:24: warning: 'gaussReleaseFamily' defined but not used [-Wunused-variable]
 static const uint16_t *gaussReleaseFamily[33] = { gauss0, gauss1, gauss2, gauss3,
                        ^
/Users/willmitchell/Documents/stm32_workspace/prototype/Inc/tables.h:2516:24: warning: 'gauss_noconformAttackFamily' defined but not used [-Wunused-variable]
 static const uint16_t *gauss_noconformAttackFamily[33] = { gauss_noconform0,
                        ^
/Users/willmitchell/Documents/stm32_workspace/prototype/Inc/tables.h:2528:24: warning: 'gauss_noconformReleaseFamily' defined but not used [-Wunused-variable]
 static const uint16_t *gauss_noconformReleaseFamily[33] = { gauss_noconform0,
                        ^
/Users/willmitchell/Documents/stm32_workspace/prototype/Inc/tables.h:2541:24: warning: 'gauss_lowAttackFamily' defined but not used [-Wunused-variable]
 static const uint16_t *gauss_lowAttackFamily[33] = { gauss_low0, gauss_low1,
                        ^
/Users/willmitchell/Documents/stm32_workspace/prototype/Inc/tables.h:2549:24: warning: 'gauss_lowReleaseFamily' defined but not used [-Wunused-variable]
 static const uint16_t *gauss_lowReleaseFamily[33] = { gauss_low0, gauss_low1,
                        ^
/Users/willmitchell/Documents/stm32_workspace/prototype/Inc/tables.h:2558:24: warning: 'gauss_low_noconformAttackFamily' defined but not used [-Wunused-variable]
 static const uint16_t *gauss_low_noconformAttackFamily[33] =
                        ^
/Users/willmitchell/Documents/stm32_workspace/prototype/Inc/tables.h:2575:24: warning: 'gauss_low_noconformReleaseFamily' defined but not used [-Wunused-variable]
 static const uint16_t *gauss_low_noconformReleaseFamily[33] =
                        ^
/Users/willmitchell/Documents/stm32_workspace/prototype/Inc/tables.h:2593:24: warning: 'algerianAttackFamily' defined but not used [-Wunused-variable]
 static const uint16_t *algerianAttackFamily[5] = { algerian_t, algerian_r,
                        ^
/Users/willmitchell/Documents/stm32_workspace/prototype/Inc/tables.h:2595:24: warning: 'algerianReleaseFamily' defined but not used [-Wunused-variable]
 static const uint16_t *algerianReleaseFamily[5] = { algerian_a, algerian_s,
                        ^
/Users/willmitchell/Documents/stm32_workspace/prototype/Inc/tables.h:2598:24: warning: 'gammaSymAttackFamily' defined but not used [-Wunused-variable]
 static const uint16_t *gammaSymAttackFamily[9] = { gamma1, gamma2, gamma3, gamma4,
                        ^
/Users/willmitchell/Documents/stm32_workspace/prototype/Inc/tables.h:2600:24: warning: 'gammaSymReleaseFamily' defined but not used [-Wunused-variable]
 static const uint16_t *gammaSymReleaseFamily[9] = { gamma1, gamma2, gamma3, gamma4,
                        ^
/Users/willmitchell/Documents/stm32_workspace/prototype/Inc/tables.h:2603:24: warning: 'gammaAsymAttackFamily' defined but not used [-Wunused-variable]
 static const uint16_t *gammaAsymAttackFamily[9] = { gamma1, gamma2, gamma3, gamma4,
                        ^
/Users/willmitchell/Documents/stm32_workspace/prototype/Inc/tables.h:2605:24: warning: 'gammaAsymReleaseFamily' defined but not used [-Wunused-variable]
 static const uint16_t *gammaAsymReleaseFamily[9] = { gamma9, gamma8, gamma7,
                        ^
/Users/willmitchell/Documents/stm32_workspace/prototype/Inc/tables.h:2610:24: warning: 'sharpExpoSymAttackFamily' defined but not used [-Wunused-variable]
 static const uint16_t *sharpExpoSymAttackFamily[9] = { iExpo, iQuart, iCube, iQuad,
                        ^
/Users/willmitchell/Documents/stm32_workspace/prototype/Inc/tables.h:2612:24: warning: 'sharpExpoSymReleaseFamily' defined but not used [-Wunused-variable]
 static const uint16_t *sharpExpoSymReleaseFamily[9] = { iExpo, iQuart, iCube,
                        ^
/Users/willmitchell/Documents/stm32_workspace/prototype/Inc/tables.h:2615:24: warning: 'sharpExpoAsymAttackFamily' defined but not used [-Wunused-variable]
 static const uint16_t *sharpExpoAsymAttackFamily[9] = { iExpo, iQuart, iCube,
                        ^
/Users/willmitchell/Documents/stm32_workspace/prototype/Inc/tables.h:2617:24: warning: 'sharpExpoAsymReleaseFamily' defined but not used [-Wunused-variable]
 static const uint16_t *sharpExpoAsymReleaseFamily[9] = { expo, quart, cube, quad,
                        ^
/Users/willmitchell/Documents/stm32_workspace/prototype/Inc/tables.h:2622:24: warning: 'sharpLinSymAttackFamily' defined but not used [-Wunused-variable]
 static const uint16_t *sharpLinSymAttackFamily[9] = { iExpo, iQuint, iQuart, iCube,
                        ^
/Users/willmitchell/Documents/stm32_workspace/prototype/Inc/tables.h:2624:24: warning: 'sharpLinSymReleaseFamily' defined but not used [-Wunused-variable]
 static const uint16_t *sharpLinSymReleaseFamily[9] = { iExpo, iQuint, iQuart,
                        ^
/Users/willmitchell/Documents/stm32_workspace/prototype/Inc/tables.h:2627:24: warning: 'sharpLinAsymAttackFamily' defined but not used [-Wunused-variable]
 static const uint16_t *sharpLinAsymAttackFamily[9] = { iExpo, iQuint, iQuart,
                        ^
/Users/willmitchell/Documents/stm32_workspace/prototype/Inc/tables.h:2629:24: warning: 'sharpLinAsymReleaseFamily' defined but not used [-Wunused-variable]
 static const uint16_t *sharpLinAsymReleaseFamily[9] = { expo, quint, quart, cube,
                        ^
/Users/willmitchell/Documents/stm32_workspace/prototype/Inc/tables.h:2634:24: warning: 'quartSymAttackFamily' defined but not used [-Wunused-variable]
 static const uint16_t *quartSymAttackFamily[9] = { iQuint, iQuart, iCube, iQuad,
                        ^
/Users/willmitchell/Documents/stm32_workspace/prototype/Inc/tables.h:2636:24: warning: 'quartSymReleaseFamily' defined but not used [-Wunused-variable]
 static const uint16_t *quartSymReleaseFamily[9] = { iQuint, iQuart, iCube, iQuad,
                        ^
/Users/willmitchell/Documents/stm32_workspace/prototype/Inc/tables.h:2639:24: warning: 'quartAsymAttackFamily' defined but not used [-Wunused-variable]
 static const uint16_t *quartAsymAttackFamily[9] = { iQuint, iQuart, iCube, iQuad,
                        ^
/Users/willmitchell/Documents/stm32_workspace/prototype/Inc/tables.h:2641:24: warning: 'quartAsymReleaseFamily' defined but not used [-Wunused-variable]
 static const uint16_t *quartAsymReleaseFamily[9] = { quint, quart, cube, quad,
                        ^
/Users/willmitchell/Documents/stm32_workspace/prototype/Inc/tables.h:2644:24: warning: 'superEllipse1SymAttackFamily' defined but not used [-Wunused-variable]
 static const uint16_t *superEllipse1SymAttackFamily[5] = { superEllipse1_1,
                        ^
/Users/willmitchell/Documents/stm32_workspace/prototype/Inc/tables.h:2646:24: warning: 'superEllipse1SymReleaseFamily' defined but not used [-Wunused-variable]
 static const uint16_t *superEllipse1SymReleaseFamily[5] = { superEllipse1_1,
                        ^
/Users/willmitchell/Documents/stm32_workspace/prototype/Inc/tables.h:2649:24: warning: 'superEllipse1AsymAttackFamily' defined but not used [-Wunused-variable]
 static const uint16_t *superEllipse1AsymAttackFamily[5] = { superEllipse1_1,
                        ^
/Users/willmitchell/Documents/stm32_workspace/prototype/Inc/tables.h:2651:24: warning: 'superEllipse1AsymReleaseFamily' defined but not used [-Wunused-variable]
 static const uint16_t *superEllipse1AsymReleaseFamily[5] = { superEllipse1_5,
                        ^
/Users/willmitchell/Documents/stm32_workspace/prototype/Inc/tables.h:2654:24: warning: 'moogShiftedAttackFamily' defined but not used [-Wunused-variable]
 static const uint16_t *moogShiftedAttackFamily[9] = { moogShiftedAttack1,
                        ^
/Users/willmitchell/Documents/stm32_workspace/prototype/Inc/tables.h:2658:24: warning: 'moogShiftedReleaseFamily' defined but not used [-Wunused-variable]
 static const uint16_t *moogShiftedReleaseFamily[9] = { moogShiftedRelease1,
                        ^
/Users/willmitchell/Documents/stm32_workspace/prototype/Inc/tables.h:2663:24: warning: 'moogInvertedAttackFamily' defined but not used [-Wunused-variable]
 static const uint16_t *moogInvertedAttackFamily[9] = { moogInvertedTimeAttack1,
                        ^
/Users/willmitchell/Documents/stm32_workspace/prototype/Inc/tables.h:2669:24: warning: 'moogInvertedReleaseFamily' defined but not used [-Wunused-variable]
 static const uint16_t *moogInvertedReleaseFamily[9] = { moogInvertedTimeRelease1,
                        ^
/Users/willmitchell/Documents/stm32_workspace/prototype/Inc/tables.h:2675:24: warning: 'moogNormalizedAttackFamily' defined but not used [-Wunused-variable]
 static const uint16_t *moogNormalizedAttackFamily[9] = { moogNormalizedAttack1,
                        ^
/Users/willmitchell/Documents/stm32_workspace/prototype/Inc/tables.h:2679:24: warning: 'moogNormalizedReleaseFamily' defined but not used [-Wunused-variable]
 static const uint16_t *moogNormalizedReleaseFamily[9] = { moogNormalizedRelease1,
                        ^
/Users/willmitchell/Documents/stm32_workspace/prototype/Inc/tables.h:2685:24: warning: 'moogSquareShiftAttackFamily' defined but not used [-Wunused-variable]
 static const uint16_t *moogSquareShiftAttackFamily[9] = { sine,
                        ^
/Users/willmitchell/Documents/stm32_workspace/prototype/Inc/tables.h:2690:24: warning: 'moogSquareShiftReleaseFamily' defined but not used [-Wunused-variable]
 static const uint16_t *moogSquareShiftReleaseFamily[9] = { sine,
                        ^
/Users/willmitchell/Documents/stm32_workspace/prototype/Inc/tables.h:2696:24: warning: 'moogImpossibleTriAttackFamily' defined but not used [-Wunused-variable]
 static const uint16_t *moogImpossibleTriAttackFamily[9] = { sine,
                        ^
/Users/willmitchell/Documents/stm32_workspace/prototype/Inc/tables.h:2700:24: warning: 'moogImpossibleTriReleaseFamily' defined but not used [-Wunused-variable]
 static const uint16_t *moogImpossibleTriReleaseFamily[9] = { sine,
                        ^
/Users/willmitchell/Documents/stm32_workspace/prototype/Inc/tables.h:2705:24: warning: 'stepsAttackFamily' defined but not used [-Wunused-variable]
 static const uint16_t *stepsAttackFamily[9] = { sine, twoStep, twoStepPlateau,
                        ^
/Users/willmitchell/Documents/stm32_workspace/prototype/Inc/tables.h:2708:24: warning: 'stepsReleaseFamily' defined but not used [-Wunused-variable]
 static const uint16_t *stepsReleaseFamily[9] = { sine, twoStep, twoStepPlateau,
                        ^
/Users/willmitchell/Documents/stm32_workspace/prototype/Inc/tables.h:2712:24: warning: 'ascendingAdditiveClampAttackFamily' defined but not used [-Wunused-variable]
 static const uint16_t *ascendingAdditiveClampAttackFamily[9] = { sine,
                        ^
/Users/willmitchell/Documents/stm32_workspace/prototype/Inc/tables.h:2717:24: warning: 'ascendingAdditiveClampReleaseFamily' defined but not used [-Wunused-variable]
 static const uint16_t *ascendingAdditiveClampReleaseFamily[9] = { sine,
                        ^
Finished building: ../Src/main.c
 
Building target: prototype.elf
Invoking: MCU GCC Linker
arm-none-eabi-gcc -mcpu=cortex-m4 -mthumb -mfloat-abi=hard -mfpu=fpv4-sp-d16 -specs=nosys.specs -specs=nano.specs -T"../STM32F303CCTx_FLASH.ld" -Wl,-Map=output.map -Wl,--gc-sections -o "prototype.elf" @"objects.list"   -lm
Finished building target: prototype.elf
 
/Applications/Xcode.app/Contents/Developer/usr/bin/make --no-print-directory post-build
Generating binary and Printing size information:
arm-none-eabi-objcopy -O binary "prototype.elf" "prototype.bin"
arm-none-eabi-size "prototype.elf"
   text	   data	    bss	    dec	    hex	filename
  53276	  17676	  12620	  83572	  14674	prototype.elf
 

01:47:13 Build Finished (took 804ms)

